Archive member included to satisfy reference by file (symbol)

/opt/st/stm32cubeide_1.5.1/plugins/com.st.stm32cube.ide.mcu.externaltools.gnu-tools-for-stm32.7-2018-q2-update.linux64_1.5.0.202011040924/tools/bin/../lib/gcc/arm-none-eabi/7.3.1/../../../../arm-none-eabi/lib/thumb/v7-m/libc_nano.a(lib_a-errno.o)
                              Core/Src/syscalls.o (__errno)
/opt/st/stm32cubeide_1.5.1/plugins/com.st.stm32cube.ide.mcu.externaltools.gnu-tools-for-stm32.7-2018-q2-update.linux64_1.5.0.202011040924/tools/bin/../lib/gcc/arm-none-eabi/7.3.1/../../../../arm-none-eabi/lib/thumb/v7-m/libc_nano.a(lib_a-exit.o)
                              /opt/st/stm32cubeide_1.5.1/plugins/com.st.stm32cube.ide.mcu.externaltools.gnu-tools-for-stm32.7-2018-q2-update.linux64_1.5.0.202011040924/tools/bin/../lib/gcc/arm-none-eabi/7.3.1/../../../../arm-none-eabi/lib/thumb/v7-m/crt0.o (exit)
/opt/st/stm32cubeide_1.5.1/plugins/com.st.stm32cube.ide.mcu.externaltools.gnu-tools-for-stm32.7-2018-q2-update.linux64_1.5.0.202011040924/tools/bin/../lib/gcc/arm-none-eabi/7.3.1/../../../../arm-none-eabi/lib/thumb/v7-m/libc_nano.a(lib_a-impure.o)
                              /opt/st/stm32cubeide_1.5.1/plugins/com.st.stm32cube.ide.mcu.externaltools.gnu-tools-for-stm32.7-2018-q2-update.linux64_1.5.0.202011040924/tools/bin/../lib/gcc/arm-none-eabi/7.3.1/../../../../arm-none-eabi/lib/thumb/v7-m/libc_nano.a(lib_a-exit.o) (_global_impure_ptr)
/opt/st/stm32cubeide_1.5.1/plugins/com.st.stm32cube.ide.mcu.externaltools.gnu-tools-for-stm32.7-2018-q2-update.linux64_1.5.0.202011040924/tools/bin/../lib/gcc/arm-none-eabi/7.3.1/../../../../arm-none-eabi/lib/thumb/v7-m/libc_nano.a(lib_a-init.o)
                              /opt/st/stm32cubeide_1.5.1/plugins/com.st.stm32cube.ide.mcu.externaltools.gnu-tools-for-stm32.7-2018-q2-update.linux64_1.5.0.202011040924/tools/bin/../lib/gcc/arm-none-eabi/7.3.1/../../../../arm-none-eabi/lib/thumb/v7-m/crt0.o (__libc_init_array)
/opt/st/stm32cubeide_1.5.1/plugins/com.st.stm32cube.ide.mcu.externaltools.gnu-tools-for-stm32.7-2018-q2-update.linux64_1.5.0.202011040924/tools/bin/../lib/gcc/arm-none-eabi/7.3.1/../../../../arm-none-eabi/lib/thumb/v7-m/libc_nano.a(lib_a-memcpy-stub.o)
                              Core/Src/DMA_CIRCULAR.o (memcpy)
/opt/st/stm32cubeide_1.5.1/plugins/com.st.stm32cube.ide.mcu.externaltools.gnu-tools-for-stm32.7-2018-q2-update.linux64_1.5.0.202011040924/tools/bin/../lib/gcc/arm-none-eabi/7.3.1/../../../../arm-none-eabi/lib/thumb/v7-m/libc_nano.a(lib_a-memset.o)
                              /opt/st/stm32cubeide_1.5.1/plugins/com.st.stm32cube.ide.mcu.externaltools.gnu-tools-for-stm32.7-2018-q2-update.linux64_1.5.0.202011040924/tools/bin/../lib/gcc/arm-none-eabi/7.3.1/../../../../arm-none-eabi/lib/thumb/v7-m/crt0.o (memset)
/opt/st/stm32cubeide_1.5.1/plugins/com.st.stm32cube.ide.mcu.externaltools.gnu-tools-for-stm32.7-2018-q2-update.linux64_1.5.0.202011040924/tools/bin/../lib/gcc/arm-none-eabi/7.3.1/../../../../arm-none-eabi/lib/thumb/v7-m/libc_nano.a(lib_a-strcpy.o)
                              Core/Src/main.o (strcpy)
/opt/st/stm32cubeide_1.5.1/plugins/com.st.stm32cube.ide.mcu.externaltools.gnu-tools-for-stm32.7-2018-q2-update.linux64_1.5.0.202011040924/tools/bin/../lib/gcc/arm-none-eabi/7.3.1/../../../../arm-none-eabi/lib/thumb/v7-m/libc_nano.a(lib_a-strlen.o)
                              Core/Src/main.o (strlen)
/opt/st/stm32cubeide_1.5.1/plugins/com.st.stm32cube.ide.mcu.externaltools.gnu-tools-for-stm32.7-2018-q2-update.linux64_1.5.0.202011040924/tools/bin/../lib/gcc/arm-none-eabi/7.3.1/thumb/v7-m/libgcc.a(_aeabi_uldivmod.o)
                              Drivers/STM32L1xx_HAL_Driver/Src/stm32l1xx_hal_rcc.o (__aeabi_uldivmod)
/opt/st/stm32cubeide_1.5.1/plugins/com.st.stm32cube.ide.mcu.externaltools.gnu-tools-for-stm32.7-2018-q2-update.linux64_1.5.0.202011040924/tools/bin/../lib/gcc/arm-none-eabi/7.3.1/thumb/v7-m/libgcc.a(_udivmoddi4.o)
                              /opt/st/stm32cubeide_1.5.1/plugins/com.st.stm32cube.ide.mcu.externaltools.gnu-tools-for-stm32.7-2018-q2-update.linux64_1.5.0.202011040924/tools/bin/../lib/gcc/arm-none-eabi/7.3.1/thumb/v7-m/libgcc.a(_aeabi_uldivmod.o) (__udivmoddi4)
/opt/st/stm32cubeide_1.5.1/plugins/com.st.stm32cube.ide.mcu.externaltools.gnu-tools-for-stm32.7-2018-q2-update.linux64_1.5.0.202011040924/tools/bin/../lib/gcc/arm-none-eabi/7.3.1/thumb/v7-m/libgcc.a(_dvmd_tls.o)
                              /opt/st/stm32cubeide_1.5.1/plugins/com.st.stm32cube.ide.mcu.externaltools.gnu-tools-for-stm32.7-2018-q2-update.linux64_1.5.0.202011040924/tools/bin/../lib/gcc/arm-none-eabi/7.3.1/thumb/v7-m/libgcc.a(_aeabi_uldivmod.o) (__aeabi_ldiv0)

Allocating common symbols
Common symbol       size              file

Write               0x4               Core/Src/DMA_CIRCULAR.o
hi2c1               0x54              Core/Src/i2c.o
ptr                 0x4               Core/Src/DMA_CIRCULAR.o
uwTick              0x4               Drivers/STM32L1xx_HAL_Driver/Src/stm32l1xx_hal.o
[...]
Memory Configuration

Name             Origin             Length             Attributes
RAM              0x0000000020000000 0x0000000000014000 xrw
FLASH            0x0000000008000000 0x0000000000080000 xr
*default*        0x0000000000000000 0xffffffffffffffff

Linker script and memory map

LOAD /opt/st/stm32cubeide_1.5.1/plugins/com.st.stm32cube.ide.mcu.externaltools.gnu-tools-for-stm32.7-2018-q2-update.linux64_1.5.0.202011040924/tools/bin/../lib/gcc/arm-none-eabi/7.3.1/thumb/v7-m/crti.o
LOAD /opt/st/stm32cubeide_1.5.1/plugins/com.st.stm32cube.ide.mcu.externaltools.gnu-tools-for-stm32.7-2018-q2-update.linux64_1.5.0.202011040924/tools/bin/../lib/gcc/arm-none-eabi/7.3.1/thumb/v7-m/crtbegin.o
LOAD /opt/st/stm32cubeide_1.5.1/plugins/com.st.stm32cube.ide.mcu.externaltools.gnu-tools-for-stm32.7-2018-q2-update.linux64_1.5.0.202011040924/tools/bin/../lib/gcc/arm-none-eabi/7.3.1/../../../../arm-none-eabi/lib/thumb/v7-m/crt0.o
LOAD Core/Src/DMA_CIRCULAR.o
LOAD Core/Src/gpio.o
LOAD Core/Src/i2c.o
LOAD Core/Src/lib_lcd.o
LOAD Core/Src/main.o
LOAD Core/Src/stm32l1xx_hal_msp.o
LOAD Core/Src/stm32l1xx_it.o
LOAD Core/Src/syscalls.o
LOAD Core/Src/sysmem.o
LOAD Core/Src/system_stm32l1xx.o
LOAD Core/Src/usart.o
LOAD Core/Startup/startup_stm32l152retx.o
LOAD Drivers/STM32L1xx_HAL_Driver/Src/stm32l1xx_hal.o
LOAD Drivers/STM32L1xx_HAL_Driver/Src/stm32l1xx_hal_cortex.o
LOAD Drivers/STM32L1xx_HAL_Driver/Src/stm32l1xx_hal_dma.o
LOAD Drivers/STM32L1xx_HAL_Driver/Src/stm32l1xx_hal_exti.o
LOAD Drivers/STM32L1xx_HAL_Driver/Src/stm32l1xx_hal_flash.o
LOAD Drivers/STM32L1xx_HAL_Driver/Src/stm32l1xx_hal_flash_ex.o
LOAD Drivers/STM32L1xx_HAL_Driver/Src/stm32l1xx_hal_flash_ramfunc.o
LOAD Drivers/STM32L1xx_HAL_Driver/Src/stm32l1xx_hal_gpio.o
LOAD Drivers/STM32L1xx_HAL_Driver/Src/stm32l1xx_hal_i2c.o
LOAD Drivers/STM32L1xx_HAL_Driver/Src/stm32l1xx_hal_pwr.o
LOAD Drivers/STM32L1xx_HAL_Driver/Src/stm32l1xx_hal_pwr_ex.o
LOAD Drivers/STM32L1xx_HAL_Driver/Src/stm32l1xx_hal_rcc.o
LOAD Drivers/STM32L1xx_HAL_Driver/Src/stm32l1xx_hal_rcc_ex.o
LOAD Drivers/STM32L1xx_HAL_Driver/Src/stm32l1xx_hal_tim.o
LOAD Drivers/STM32L1xx_HAL_Driver/Src/stm32l1xx_hal_tim_ex.o
LOAD Drivers/STM32L1xx_HAL_Driver/Src/stm32l1xx_hal_uart.o
START GROUP
LOAD /opt/st/stm32cubeide_1.5.1/plugins/com.st.stm32cube.ide.mcu.externaltools.gnu-tools-for-stm32.7-2018-q2-update.linux64_1.5.0.202011040924/tools/bin/../lib/gcc/arm-none-eabi/7.3.1/../../../../arm-none-eabi/lib/thumb/v7-m/libc_nano.a
LOAD /opt/st/stm32cubeide_1.5.1/plugins/com.st.stm32cube.ide.mcu.externaltools.gnu-tools-for-stm32.7-2018-q2-update.linux64_1.5.0.202011040924/tools/bin/../lib/gcc/arm-none-eabi/7.3.1/../../../../arm-none-eabi/lib/thumb/v7-m/libm.a
END GROUP
START GROUP
LOAD /opt/st/stm32cubeide_1.5.1/plugins/com.st.stm32cube.ide.mcu.externaltools.gnu-tools-for-stm32.7-2018-q2-update.linux64_1.5.0.202011040924/tools/bin/../lib/gcc/arm-none-eabi/7.3.1/thumb/v7-m/libgcc.a
LOAD /opt/st/stm32cubeide_1.5.1/plugins/com.st.stm32cube.ide.mcu.externaltools.gnu-tools-for-stm32.7-2018-q2-update.linux64_1.5.0.202011040924/tools/bin/../lib/gcc/arm-none-eabi/7.3.1/../../../../arm-none-eabi/lib/thumb/v7-m/libc_nano.a
END GROUP
START GROUP
LOAD /opt/st/stm32cubeide_1.5.1/plugins/com.st.stm32cube.ide.mcu.externaltools.gnu-tools-for-stm32.7-2018-q2-update.linux64_1.5.0.202011040924/tools/bin/../lib/gcc/arm-none-eabi/7.3.1/thumb/v7-m/libgcc.a
LOAD /opt/st/stm32cubeide_1.5.1/plugins/com.st.stm32cube.ide.mcu.externaltools.gnu-tools-for-stm32.7-2018-q2-update.linux64_1.5.0.202011040924/tools/bin/../lib/gcc/arm-none-eabi/7.3.1/../../../../arm-none-eabi/lib/thumb/v7-m/libc_nano.a
LOAD /opt/st/stm32cubeide_1.5.1/plugins/com.st.stm32cube.ide.mcu.externaltools.gnu-tools-for-stm32.7-2018-q2-update.linux64_1.5.0.202011040924/tools/bin/../lib/gcc/arm-none-eabi/7.3.1/../../../../arm-none-eabi/lib/thumb/v7-m/libnosys.a
END GROUP
START GROUP
LOAD /opt/st/stm32cubeide_1.5.1/plugins/com.st.stm32cube.ide.mcu.externaltools.gnu-tools-for-stm32.7-2018-q2-update.linux64_1.5.0.202011040924/tools/bin/../lib/gcc/arm-none-eabi/7.3.1/thumb/v7-m/libgcc.a
LOAD /opt/st/stm32cubeide_1.5.1/plugins/com.st.stm32cube.ide.mcu.externaltools.gnu-tools-for-stm32.7-2018-q2-update.linux64_1.5.0.202011040924/tools/bin/../lib/gcc/arm-none-eabi/7.3.1/../../../../arm-none-eabi/lib/thumb/v7-m/libc_nano.a
LOAD /opt/st/stm32cubeide_1.5.1/plugins/com.st.stm32cube.ide.mcu.externaltools.gnu-tools-for-stm32.7-2018-q2-update.linux64_1.5.0.202011040924/tools/bin/../lib/gcc/arm-none-eabi/7.3.1/../../../../arm-none-eabi/lib/thumb/v7-m/libnosys.a
END GROUP
LOAD /opt/st/stm32cubeide_1.5.1/plugins/com.st.stm32cube.ide.mcu.externaltools.gnu-tools-for-stm32.7-2018-q2-update.linux64_1.5.0.202011040924/tools/bin/../lib/gcc/arm-none-eabi/7.3.1/thumb/v7-m/crtend.o
LOAD /opt/st/stm32cubeide_1.5.1/plugins/com.st.stm32cube.ide.mcu.externaltools.gnu-tools-for-stm32.7-2018-q2-update.linux64_1.5.0.202011040924/tools/bin/../lib/gcc/arm-none-eabi/7.3.1/thumb/v7-m/crtn.o
                0x0000000020014000                _estack = (ORIGIN (RAM) + LENGTH (RAM))
                0x0000000000000200                _Min_Heap_Size = 0x200
                0x0000000000000400                _Min_Stack_Size = 0x400

.isr_vector     0x0000000008000000      0x13c
                0x0000000008000000                . = ALIGN (0x4)
 *(.isr_vector)
 .isr_vector    0x0000000008000000      0x13c Core/Startup/startup_stm32l152retx.o
                0x0000000008000000                g_pfnVectors
                0x000000000800013c                . = ALIGN (0x4)

.text           0x000000000800013c     0x35dc
                0x000000000800013c                . = ALIGN (0x4)
 *(.text)
 .text          0x000000000800013c       0x40 /opt/st/stm32cubeide_1.5.1/plugins/com.st.stm32cube.ide.mcu.externaltools.gnu-tools-for-stm32.7-2018-q2-update.linux64_1.5.0.202011040924/tools/bin/../lib/gcc/arm-none-eabi/7.3.1/thumb/v7-m/crtbegin.o
 .text          0x000000000800017c       0x10 /opt/st/stm32cubeide_1.5.1/plugins/com.st.stm32cube.ide.mcu.externaltools.gnu-tools-for-stm32.7-2018-q2-update.linux64_1.5.0.202011040924/tools/bin/../lib/gcc/arm-none-eabi/7.3.1/../../../../arm-none-eabi/lib/thumb/v7-m/libc_nano.a(lib_a-strlen.o)
                0x000000000800017c                strlen
 .text          0x000000000800018c       0x30 /opt/st/stm32cubeide_1.5.1/plugins/com.st.stm32cube.ide.mcu.externaltools.gnu-tools-for-stm32.7-2018-q2-update.linux64_1.5.0.202011040924/tools/bin/../lib/gcc/arm-none-eabi/7.3.1/thumb/v7-m/libgcc.a(_aeabi_uldivmod.o)
                0x000000000800018c                __aeabi_uldivmod
 .text          0x00000000080001bc      0x2d0 /opt/st/stm32cubeide_1.5.1/plugins/com.st.stm32cube.ide.mcu.externaltools.gnu-tools-for-stm32.7-2018-q2-update.linux64_1.5.0.202011040924/tools/bin/../lib/gcc/arm-none-eabi/7.3.1/thumb/v7-m/libgcc.a(_udivmoddi4.o)
                0x00000000080001bc                __udivmoddi4
 .text          0x000000000800048c        0x4 /opt/st/stm32cubeide_1.5.1/plugins/com.st.stm32cube.ide.mcu.externaltools.gnu-tools-for-stm32.7-2018-q2-update.linux64_1.5.0.202011040924/tools/bin/../lib/gcc/arm-none-eabi/7.3.1/thumb/v7-m/libgcc.a(_dvmd_tls.o)
                0x000000000800048c                __aeabi_ldiv0
                0x000000000800048c                __aeabi_idiv0
 *(.text*)
 .text.MX_GPIO_Init
                0x0000000008000490       0xec Core/Src/gpio.o
                0x0000000008000490                MX_GPIO_Init
 .text.MX_I2C1_Init
                0x000000000800057c       0x5c Core/Src/i2c.o
                0x000000000800057c                MX_I2C1_Init
 .text.HAL_I2C_MspInit
                0x00000000080005d8       0x88 Core/Src/i2c.o
                0x00000000080005d8                HAL_I2C_MspInit
 .text.lcd_init
                0x0000000008000660      0x1ec Core/Src/lib_lcd.o
                0x0000000008000660                lcd_init
 .text.clearlcd
                0x000000000800084c       0x34 Core/Src/lib_lcd.o
                0x000000000800084c                clearlcd
 .text.lcd_print
                0x0000000008000880       0x50 Core/Src/lib_lcd.o
                0x0000000008000880                lcd_print
 .text.lcd_position
                0x00000000080008d0       0x50 Core/Src/lib_lcd.o
                0x00000000080008d0                lcd_position
 .text.reglagecouleur
                0x0000000008000920       0x78 Core/Src/lib_lcd.o
                0x0000000008000920                reglagecouleur
 .text.HAL_UART_RxCpltCallback
                0x0000000008000998       0xa8 Core/Src/main.o
                0x0000000008000998                HAL_UART_RxCpltCallback
 .text.print_lcd2
                0x0000000008000a40       0x54 Core/Src/main.o
                0x0000000008000a40                print_lcd2
 .text.show_plate
                0x0000000008000a94       0x84 Core/Src/main.o
                0x0000000008000a94                show_plate
 .text.main     0x0000000008000b18      0x13c Core/Src/main.o
                0x0000000008000b18                main
 .text.SystemClock_Config
                0x0000000008000c54       0x9c Core/Src/main.o
                0x0000000008000c54                SystemClock_Config
 .text.ATCommand
                0x0000000008000cf0       0x44 Core/Src/main.o
                0x0000000008000cf0                ATCommand
 .text.Error_Handler
                0x0000000008000d34        0x8 Core/Src/main.o
                0x0000000008000d34                Error_Handler
 .text.HAL_MspInit
                0x0000000008000d3c       0x60 Core/Src/stm32l1xx_hal_msp.o
                0x0000000008000d3c                HAL_MspInit
 .text.NMI_Handler
                0x0000000008000d9c        0x6 Core/Src/stm32l1xx_it.o
                0x0000000008000d9c                NMI_Handler
 .text.HardFault_Handler
                0x0000000008000da2        0x6 Core/Src/stm32l1xx_it.o
                0x0000000008000da2                HardFault_Handler
 .text.MemManage_Handler
                0x0000000008000da8        0x6 Core/Src/stm32l1xx_it.o
                0x0000000008000da8                MemManage_Handler
 .text.BusFault_Handler
                0x0000000008000dae        0x6 Core/Src/stm32l1xx_it.o
                0x0000000008000dae                BusFault_Handler
 .text.UsageFault_Handler
                0x0000000008000db4        0x6 Core/Src/stm32l1xx_it.o
                0x0000000008000db4                UsageFault_Handler
 .text.SVC_Handler
                0x0000000008000dba        0xc Core/Src/stm32l1xx_it.o
                0x0000000008000dba                SVC_Handler
 .text.DebugMon_Handler
                0x0000000008000dc6        0xc Core/Src/stm32l1xx_it.o
                0x0000000008000dc6                DebugMon_Handler
 .text.PendSV_Handler
                0x0000000008000dd2        0xc Core/Src/stm32l1xx_it.o
                0x0000000008000dd2                PendSV_Handler
 .text.SysTick_Handler
                0x0000000008000dde        0xc Core/Src/stm32l1xx_it.o
                0x0000000008000dde                SysTick_Handler
 *fill*         0x0000000008000dea        0x2 
 .text.USART1_IRQHandler
                0x0000000008000dec       0x14 Core/Src/stm32l1xx_it.o
                0x0000000008000dec                USART1_IRQHandler
 .text.SystemInit
                0x0000000008000e00       0x18 Core/Src/system_stm32l1xx.o
                0x0000000008000e00                SystemInit
 .text.MX_USART1_UART_Init
                0x0000000008000e18       0x54 Core/Src/usart.o
                0x0000000008000e18                MX_USART1_UART_Init
 .text.MX_USART2_UART_Init
                0x0000000008000e6c       0x54 Core/Src/usart.o
                0x0000000008000e6c                MX_USART2_UART_Init
 .text.HAL_UART_MspInit
                0x0000000008000ec0       0xf8 Core/Src/usart.o
                0x0000000008000ec0                HAL_UART_MspInit
 .text.Reset_Handler
                0x0000000008000fb8       0x48 Core/Startup/startup_stm32l152retx.o
                0x0000000008000fb8                Reset_Handler
 .text.Default_Handler
                0x0000000008001000        0x2 Core/Startup/startup_stm32l152retx.o
                0x0000000008001000                RTC_Alarm_IRQHandler
                0x0000000008001000                EXTI2_IRQHandler
                0x0000000008001000                COMP_ACQ_IRQHandler
                0x0000000008001000                TIM10_IRQHandler
                0x0000000008001000                USB_HP_IRQHandler
                0x0000000008001000                TIM6_IRQHandler
                0x0000000008001000                PVD_IRQHandler
                0x0000000008001000                EXTI3_IRQHandler
                0x0000000008001000                EXTI0_IRQHandler
                0x0000000008001000                I2C2_EV_IRQHandler
                0x0000000008001000                SPI1_IRQHandler
                0x0000000008001000                USB_FS_WKUP_IRQHandler
                0x0000000008001000                DMA2_Channel2_IRQHandler
                0x0000000008001000                DMA1_Channel4_IRQHandler
                0x0000000008001000                ADC1_IRQHandler
                0x0000000008001000                USART3_IRQHandler
                0x0000000008001000                DMA1_Channel7_IRQHandler
                0x0000000008001000                LCD_IRQHandler
                0x0000000008001000                UART5_IRQHandler
                0x0000000008001000                TIM4_IRQHandler
                0x0000000008001000                DMA2_Channel1_IRQHandler
                0x0000000008001000                I2C1_EV_IRQHandler
                0x0000000008001000                DMA1_Channel6_IRQHandler
                0x0000000008001000                UART4_IRQHandler
                0x0000000008001000                DMA2_Channel4_IRQHandler
                0x0000000008001000                TIM3_IRQHandler
                0x0000000008001000                RCC_IRQHandler
                0x0000000008001000                DMA1_Channel1_IRQHandler
                0x0000000008001000                Default_Handler
                0x0000000008001000                EXTI15_10_IRQHandler
                0x0000000008001000                TIM7_IRQHandler
                0x0000000008001000                TIM5_IRQHandler
                0x0000000008001000                EXTI9_5_IRQHandler
                0x0000000008001000                TIM9_IRQHandler
                0x0000000008001000                TAMPER_STAMP_IRQHandler
                0x0000000008001000                RTC_WKUP_IRQHandler
                0x0000000008001000                SPI2_IRQHandler
                0x0000000008001000                DMA2_Channel5_IRQHandler
                0x0000000008001000                DMA1_Channel5_IRQHandler
                0x0000000008001000                USB_LP_IRQHandler
                0x0000000008001000                EXTI4_IRQHandler
                0x0000000008001000                DMA1_Channel3_IRQHandler
                0x0000000008001000                COMP_IRQHandler
                0x0000000008001000                WWDG_IRQHandler
                0x0000000008001000                TIM2_IRQHandler
                0x0000000008001000                DAC_IRQHandler
                0x0000000008001000                EXTI1_IRQHandler
                0x0000000008001000                TIM11_IRQHandler
                0x0000000008001000                USART2_IRQHandler
                0x0000000008001000                I2C2_ER_IRQHandler
                0x0000000008001000                DMA1_Channel2_IRQHandler
                0x0000000008001000                FLASH_IRQHandler
                0x0000000008001000                SPI3_IRQHandler
                0x0000000008001000                I2C1_ER_IRQHandler
                0x0000000008001000                DMA2_Channel3_IRQHandler
 .text.HAL_Init
                0x0000000008001002       0x30 Drivers/STM32L1xx_HAL_Driver/Src/stm32l1xx_hal.o
                0x0000000008001002                HAL_Init
 *fill*         0x0000000008001032        0x2 
 .text.HAL_InitTick
                0x0000000008001034       0x74 Drivers/STM32L1xx_HAL_Driver/Src/stm32l1xx_hal.o
                0x0000000008001034                HAL_InitTick
 .text.HAL_IncTick
                0x00000000080010a8       0x24 Drivers/STM32L1xx_HAL_Driver/Src/stm32l1xx_hal.o
                0x00000000080010a8                HAL_IncTick
 .text.HAL_GetTick
                0x00000000080010cc       0x14 Drivers/STM32L1xx_HAL_Driver/Src/stm32l1xx_hal.o
                0x00000000080010cc                HAL_GetTick
 .text.HAL_Delay
                0x00000000080010e0       0x44 Drivers/STM32L1xx_HAL_Driver/Src/stm32l1xx_hal.o
                0x00000000080010e0                HAL_Delay
 .text.__NVIC_SetPriorityGrouping
                0x0000000008001124       0x48 Drivers/STM32L1xx_HAL_Driver/Src/stm32l1xx_hal_cortex.o
 .text.__NVIC_GetPriorityGrouping
                0x000000000800116c       0x1c Drivers/STM32L1xx_HAL_Driver/Src/stm32l1xx_hal_cortex.o
 .text.__NVIC_EnableIRQ
                0x0000000008001188       0x38 Drivers/STM32L1xx_HAL_Driver/Src/stm32l1xx_hal_cortex.o
 .text.__NVIC_SetPriority
                0x00000000080011c0       0x54 Drivers/STM32L1xx_HAL_Driver/Src/stm32l1xx_hal_cortex.o
 .text.NVIC_EncodePriority
                0x0000000008001214       0x64 Drivers/STM32L1xx_HAL_Driver/Src/stm32l1xx_hal_cortex.o
 .text.SysTick_Config
                0x0000000008001278       0x44 Drivers/STM32L1xx_HAL_Driver/Src/stm32l1xx_hal_cortex.o
 .text.HAL_NVIC_SetPriorityGrouping
                0x00000000080012bc       0x16 Drivers/STM32L1xx_HAL_Driver/Src/stm32l1xx_hal_cortex.o
                0x00000000080012bc                HAL_NVIC_SetPriorityGrouping
 .text.HAL_NVIC_SetPriority
                0x00000000080012d2       0x38 Drivers/STM32L1xx_HAL_Driver/Src/stm32l1xx_hal_cortex.o
                0x00000000080012d2                HAL_NVIC_SetPriority
 .text.HAL_NVIC_EnableIRQ
                0x000000000800130a       0x1c Drivers/STM32L1xx_HAL_Driver/Src/stm32l1xx_hal_cortex.o
                0x000000000800130a                HAL_NVIC_EnableIRQ
 .text.HAL_SYSTICK_Config
                0x0000000008001326       0x18 Drivers/STM32L1xx_HAL_Driver/Src/stm32l1xx_hal_cortex.o
                0x0000000008001326                HAL_SYSTICK_Config
 .text.HAL_DMA_Abort_IT
                0x000000000800133e       0x82 Drivers/STM32L1xx_HAL_Driver/Src/stm32l1xx_hal_dma.o
                0x000000000800133e                HAL_DMA_Abort_IT
 .text.HAL_GPIO_Init
                0x00000000080013c0      0x31c Drivers/STM32L1xx_HAL_Driver/Src/stm32l1xx_hal_gpio.o
                0x00000000080013c0                HAL_GPIO_Init
 .text.HAL_GPIO_WritePin
                0x00000000080016dc       0x30 Drivers/STM32L1xx_HAL_Driver/Src/stm32l1xx_hal_gpio.o
                0x00000000080016dc                HAL_GPIO_WritePin
 .text.HAL_I2C_Init
                0x000000000800170c      0x270 Drivers/STM32L1xx_HAL_Driver/Src/stm32l1xx_hal_i2c.o
                0x000000000800170c                HAL_I2C_Init
 .text.HAL_I2C_Master_Transmit
                0x000000000800197c      0x1fc Drivers/STM32L1xx_HAL_Driver/Src/stm32l1xx_hal_i2c.o
                0x000000000800197c                HAL_I2C_Master_Transmit
 .text.HAL_I2C_IsDeviceReady
                0x0000000008001b78      0x25c Drivers/STM32L1xx_HAL_Driver/Src/stm32l1xx_hal_i2c.o
                0x0000000008001b78                HAL_I2C_IsDeviceReady
 .text.I2C_MasterRequestWrite
                0x0000000008001dd4      0x104 Drivers/STM32L1xx_HAL_Driver/Src/stm32l1xx_hal_i2c.o
 .text.I2C_WaitOnFlagUntilTimeout
                0x0000000008001ed8       0xae Drivers/STM32L1xx_HAL_Driver/Src/stm32l1xx_hal_i2c.o
 .text.I2C_WaitOnMasterAddressFlagUntilTimeout
                0x0000000008001f86       0xfe Drivers/STM32L1xx_HAL_Driver/Src/stm32l1xx_hal_i2c.o
 .text.I2C_WaitOnTXEFlagUntilTimeout
                0x0000000008002084       0x82 Drivers/STM32L1xx_HAL_Driver/Src/stm32l1xx_hal_i2c.o
 .text.I2C_WaitOnBTFFlagUntilTimeout
                0x0000000008002106       0x82 Drivers/STM32L1xx_HAL_Driver/Src/stm32l1xx_hal_i2c.o
 .text.I2C_IsAcknowledgeFailed
                0x0000000008002188       0x5c Drivers/STM32L1xx_HAL_Driver/Src/stm32l1xx_hal_i2c.o
 .text.HAL_RCC_OscConfig
                0x00000000080021e4      0x660 Drivers/STM32L1xx_HAL_Driver/Src/stm32l1xx_hal_rcc.o
                0x00000000080021e4                HAL_RCC_OscConfig
 .text.HAL_RCC_ClockConfig
                0x0000000008002844      0x268 Drivers/STM32L1xx_HAL_Driver/Src/stm32l1xx_hal_rcc.o
                0x0000000008002844                HAL_RCC_ClockConfig
 .text.HAL_RCC_GetSysClockFreq
                0x0000000008002aac      0x194 Drivers/STM32L1xx_HAL_Driver/Src/stm32l1xx_hal_rcc.o
                0x0000000008002aac                HAL_RCC_GetSysClockFreq
 .text.HAL_RCC_GetHCLKFreq
                0x0000000008002c40       0x14 Drivers/STM32L1xx_HAL_Driver/Src/stm32l1xx_hal_rcc.o
                0x0000000008002c40                HAL_RCC_GetHCLKFreq
 .text.HAL_RCC_GetPCLK1Freq
                0x0000000008002c54       0x28 Drivers/STM32L1xx_HAL_Driver/Src/stm32l1xx_hal_rcc.o
                0x0000000008002c54                HAL_RCC_GetPCLK1Freq
 .text.HAL_RCC_GetPCLK2Freq
                0x0000000008002c7c       0x28 Drivers/STM32L1xx_HAL_Driver/Src/stm32l1xx_hal_rcc.o
                0x0000000008002c7c                HAL_RCC_GetPCLK2Freq
 .text.RCC_SetFlashLatencyFromMSIRange
                0x0000000008002ca4       0xc0 Drivers/STM32L1xx_HAL_Driver/Src/stm32l1xx_hal_rcc.o
 .text.HAL_UART_Init
                0x0000000008002d64       0x9a Drivers/STM32L1xx_HAL_Driver/Src/stm32l1xx_hal_uart.o
                0x0000000008002d64                HAL_UART_Init
 .text.HAL_UART_Transmit
                0x0000000008002dfe      0x132 Drivers/STM32L1xx_HAL_Driver/Src/stm32l1xx_hal_uart.o
                0x0000000008002dfe                HAL_UART_Transmit
 .text.HAL_UART_Receive_IT
                0x0000000008002f30       0xa8 Drivers/STM32L1xx_HAL_Driver/Src/stm32l1xx_hal_uart.o
                0x0000000008002f30                HAL_UART_Receive_IT
 .text.HAL_UART_IRQHandler
                0x0000000008002fd8      0x200 Drivers/STM32L1xx_HAL_Driver/Src/stm32l1xx_hal_uart.o
                0x0000000008002fd8                HAL_UART_IRQHandler
 .text.HAL_UART_TxCpltCallback
                0x00000000080031d8       0x12 Drivers/STM32L1xx_HAL_Driver/Src/stm32l1xx_hal_uart.o
                0x00000000080031d8                HAL_UART_TxCpltCallback
 .text.HAL_UART_ErrorCallback
                0x00000000080031ea       0x12 Drivers/STM32L1xx_HAL_Driver/Src/stm32l1xx_hal_uart.o
                0x00000000080031ea                HAL_UART_ErrorCallback
 .text.UART_WaitOnFlagUntilTimeout
                0x00000000080031fc       0x94 Drivers/STM32L1xx_HAL_Driver/Src/stm32l1xx_hal_uart.o
 .text.UART_EndRxTransfer
                0x0000000008003290       0x3a Drivers/STM32L1xx_HAL_Driver/Src/stm32l1xx_hal_uart.o
 .text.UART_DMAAbortOnError
                0x00000000080032ca       0x28 Drivers/STM32L1xx_HAL_Driver/Src/stm32l1xx_hal_uart.o
 .text.UART_Transmit_IT
                0x00000000080032f2       0xaa Drivers/STM32L1xx_HAL_Driver/Src/stm32l1xx_hal_uart.o
 .text.UART_EndTransmit_IT
                0x000000000800339c       0x30 Drivers/STM32L1xx_HAL_Driver/Src/stm32l1xx_hal_uart.o
 .text.UART_Receive_IT
                0x00000000080033cc      0x102 Drivers/STM32L1xx_HAL_Driver/Src/stm32l1xx_hal_uart.o
 *fill*         0x00000000080034ce        0x2 
 .text.UART_SetConfig
                0x00000000080034d0      0x1c8 Drivers/STM32L1xx_HAL_Driver/Src/stm32l1xx_hal_uart.o
 .text.__libc_init_array
                0x0000000008003698       0x48 /opt/st/stm32cubeide_1.5.1/plugins/com.st.stm32cube.ide.mcu.externaltools.gnu-tools-for-stm32.7-2018-q2-update.linux64_1.5.0.202011040924/tools/bin/../lib/gcc/arm-none-eabi/7.3.1/../../../../arm-none-eabi/lib/thumb/v7-m/libc_nano.a(lib_a-init.o)
                0x0000000008003698                __libc_init_array
 .text.memset   0x00000000080036e0       0x10 /opt/st/stm32cubeide_1.5.1/plugins/com.st.stm32cube.ide.mcu.externaltools.gnu-tools-for-stm32.7-2018-q2-update.linux64_1.5.0.202011040924/tools/bin/../lib/gcc/arm-none-eabi/7.3.1/../../../../arm-none-eabi/lib/thumb/v7-m/libc_nano.a(lib_a-memset.o)
                0x00000000080036e0                memset
 .text.strcpy   0x00000000080036f0       0x10 /opt/st/stm32cubeide_1.5.1/plugins/com.st.stm32cube.ide.mcu.externaltools.gnu-tools-for-stm32.7-2018-q2-update.linux64_1.5.0.202011040924/tools/bin/../lib/gcc/arm-none-eabi/7.3.1/../../../../arm-none-eabi/lib/thumb/v7-m/libc_nano.a(lib_a-strcpy.o)
                0x00000000080036f0                strcpy
 *(.glue_7)
 .glue_7        0x0000000008003700        0x0 linker stubs
 *(.glue_7t)
 .glue_7t       0x0000000008003700        0x0 linker stubs
 *(.eh_frame)
 .eh_frame      0x0000000008003700        0x0 /opt/st/stm32cubeide_1.5.1/plugins/com.st.stm32cube.ide.mcu.externaltools.gnu-tools-for-stm32.7-2018-q2-update.linux64_1.5.0.202011040924/tools/bin/../lib/gcc/arm-none-eabi/7.3.1/thumb/v7-m/crtbegin.o
 *(.init)
 .init          0x0000000008003700        0x4 /opt/st/stm32cubeide_1.5.1/plugins/com.st.stm32cube.ide.mcu.externaltools.gnu-tools-for-stm32.7-2018-q2-update.linux64_1.5.0.202011040924/tools/bin/../lib/gcc/arm-none-eabi/7.3.1/thumb/v7-m/crti.o
                0x0000000008003700                _init
 .init          0x0000000008003704        0x8 /opt/st/stm32cubeide_1.5.1/plugins/com.st.stm32cube.ide.mcu.externaltools.gnu-tools-for-stm32.7-2018-q2-update.linux64_1.5.0.202011040924/tools/bin/../lib/gcc/arm-none-eabi/7.3.1/thumb/v7-m/crtn.o
 *(.fini)
 .fini          0x000000000800370c        0x4 /opt/st/stm32cubeide_1.5.1/plugins/com.st.stm32cube.ide.mcu.externaltools.gnu-tools-for-stm32.7-2018-q2-update.linux64_1.5.0.202011040924/tools/bin/../lib/gcc/arm-none-eabi/7.3.1/thumb/v7-m/crti.o
                0x000000000800370c                _fini
 .fini          0x0000000008003710        0x8 /opt/st/stm32cubeide_1.5.1/plugins/com.st.stm32cube.ide.mcu.externaltools.gnu-tools-for-stm32.7-2018-q2-update.linux64_1.5.0.202011040924/tools/bin/../lib/gcc/arm-none-eabi/7.3.1/thumb/v7-m/crtn.o
                0x0000000008003718                . = ALIGN (0x4)
                0x0000000008003718                _etext = .

.vfp11_veneer   0x0000000008003718        0x0
 .vfp11_veneer  0x0000000008003718        0x0 linker stubs

.v4_bx          0x0000000008003718        0x0
 .v4_bx         0x0000000008003718        0x0 linker stubs

.iplt           0x0000000008003718        0x0
 .iplt          0x0000000008003718        0x0 /opt/st/stm32cubeide_1.5.1/plugins/com.st.stm32cube.ide.mcu.externaltools.gnu-tools-for-stm32.7-2018-q2-update.linux64_1.5.0.202011040924/tools/bin/../lib/gcc/arm-none-eabi/7.3.1/thumb/v7-m/crtbegin.o

.rodata         0x0000000008003718       0xd8
                0x0000000008003718                . = ALIGN (0x4)
 *(.rodata)
 .rodata        0x0000000008003718       0x11 Core/Src/lib_lcd.o
 *fill*         0x0000000008003729        0x3 
 .rodata        0x000000000800372c       0x9f Core/Src/main.o
 *(.rodata*)
 *fill*         0x00000000080037cb        0x1 
 .rodata.PLLMulTable
                0x00000000080037cc        0x9 Core/Src/system_stm32l1xx.o
                0x00000000080037cc                PLLMulTable
 *fill*         0x00000000080037d5        0x3 
 .rodata.AHBPrescTable
                0x00000000080037d8       0x10 Core/Src/system_stm32l1xx.o
                0x00000000080037d8                AHBPrescTable
 .rodata.APBPrescTable
                0x00000000080037e8        0x8 Core/Src/system_stm32l1xx.o
                0x00000000080037e8                APBPrescTable
                0x00000000080037f0                . = ALIGN (0x4)

.ARM.extab      0x00000000080037f0        0x0
                0x00000000080037f0                . = ALIGN (0x4)
 *(.ARM.extab* .gnu.linkonce.armextab.*)
                0x00000000080037f0                . = ALIGN (0x4)

.ARM            0x00000000080037f0        0x8
                0x00000000080037f0                . = ALIGN (0x4)
                0x00000000080037f0                __exidx_start = .
 *(.ARM.exidx*)
 .ARM.exidx     0x00000000080037f0        0x8 /opt/st/stm32cubeide_1.5.1/plugins/com.st.stm32cube.ide.mcu.externaltools.gnu-tools-for-stm32.7-2018-q2-update.linux64_1.5.0.202011040924/tools/bin/../lib/gcc/arm-none-eabi/7.3.1/thumb/v7-m/libgcc.a(_udivmoddi4.o)
                0x00000000080037f8                __exidx_end = .
                0x00000000080037f8                . = ALIGN (0x4)

.rel.dyn        0x00000000080037f8        0x0
 .rel.iplt      0x00000000080037f8        0x0 /opt/st/stm32cubeide_1.5.1/plugins/com.st.stm32cube.ide.mcu.externaltools.gnu-tools-for-stm32.7-2018-q2-update.linux64_1.5.0.202011040924/tools/bin/../lib/gcc/arm-none-eabi/7.3.1/thumb/v7-m/crtbegin.o

.preinit_array  0x00000000080037f8        0x0
                0x00000000080037f8                . = ALIGN (0x4)
                0x00000000080037f8                PROVIDE (__preinit_array_start = .)
 *(.preinit_array*)
                0x00000000080037f8                PROVIDE (__preinit_array_end = .)
                0x00000000080037f8                . = ALIGN (0x4)

.init_array     0x00000000080037f8        0x4
                0x00000000080037f8                . = ALIGN (0x4)
                0x00000000080037f8                PROVIDE (__init_array_start = .)
 *(SORT_BY_NAME(.init_array.*))
 *(.init_array*)
 .init_array    0x00000000080037f8        0x4 /opt/st/stm32cubeide_1.5.1/plugins/com.st.stm32cube.ide.mcu.externaltools.gnu-tools-for-stm32.7-2018-q2-update.linux64_1.5.0.202011040924/tools/bin/../lib/gcc/arm-none-eabi/7.3.1/thumb/v7-m/crtbegin.o
                0x00000000080037fc                PROVIDE (__init_array_end = .)
                0x00000000080037fc                . = ALIGN (0x4)

.fini_array     0x00000000080037fc        0x4
                0x00000000080037fc                . = ALIGN (0x4)
                [!provide]                        PROVIDE (__fini_array_start = .)
 *(SORT_BY_NAME(.fini_array.*))
 *(.fini_array*)
 .fini_array    0x00000000080037fc        0x4 /opt/st/stm32cubeide_1.5.1/plugins/com.st.stm32cube.ide.mcu.externaltools.gnu-tools-for-stm32.7-2018-q2-update.linux64_1.5.0.202011040924/tools/bin/../lib/gcc/arm-none-eabi/7.3.1/thumb/v7-m/crtbegin.o
                [!provide]                        PROVIDE (__fini_array_end = .)
                0x0000000008003800                . = ALIGN (0x4)
                0x0000000008003800                _sidata = LOADADDR (.data)

.data           0x0000000020000000        0xc load address 0x0000000008003800
                0x0000000020000000                . = ALIGN (0x4)
                0x0000000020000000                _sdata = .
 *(.data)
 *(.data*)
 .data.SystemCoreClock
                0x0000000020000000        0x4 Core/Src/system_stm32l1xx.o
                0x0000000020000000                SystemCoreClock
 .data.uwTickPrio
                0x0000000020000004        0x4 Drivers/STM32L1xx_HAL_Driver/Src/stm32l1xx_hal.o
                0x0000000020000004                uwTickPrio
 .data.uwTickFreq
                0x0000000020000008        0x4 Drivers/STM32L1xx_HAL_Driver/Src/stm32l1xx_hal.o
                0x0000000020000008                uwTickFreq
                0x000000002000000c                . = ALIGN (0x4)
                0x000000002000000c                _edata = .

.igot.plt       0x000000002000000c        0x0 load address 0x000000000800380c
 .igot.plt      0x000000002000000c        0x0 /opt/st/stm32cubeide_1.5.1/plugins/com.st.stm32cube.ide.mcu.externaltools.gnu-tools-for-stm32.7-2018-q2-update.linux64_1.5.0.202011040924/tools/bin/../lib/gcc/arm-none-eabi/7.3.1/thumb/v7-m/crtbegin.o
                0x000000002000000c                . = ALIGN (0x4)

.bss            0x000000002000000c      0x208 load address 0x000000000800380c
                0x000000002000000c                _sbss = .
                0x000000002000000c                __bss_start__ = _sbss
 *(.bss)
 .bss           0x000000002000000c       0x1c /opt/st/stm32cubeide_1.5.1/plugins/com.st.stm32cube.ide.mcu.externaltools.gnu-tools-for-stm32.7-2018-q2-update.linux64_1.5.0.202011040924/tools/bin/../lib/gcc/arm-none-eabi/7.3.1/thumb/v7-m/crtbegin.o
 *(.bss*)
 .bss.lcdData   0x0000000020000028        0x3 Core/Src/main.o
 *fill*         0x000000002000002b        0x1 
 .bss.input_i   0x000000002000002c        0x4 Core/Src/main.o
                0x000000002000002c                input_i
 .bss.input_complete
                0x0000000020000030        0x4 Core/Src/main.o
                0x0000000020000030                input_complete
 *(COMMON)
 COMMON         0x0000000020000034       0x54 Core/Src/i2c.o
                0x0000000020000034                hi2c1
 COMMON         0x0000000020000088      0x108 Core/Src/main.o
                0x0000000020000088                input_string
                0x00000000200000b0                rx_buffer
                0x00000000200000b4                input_buffer
                0x00000000200000dc                input_raw
                0x0000000020000140                old_input_string
                0x0000000020000168                old_input_string2
 COMMON         0x0000000020000190       0x80 Core/Src/usart.o
                0x0000000020000190                huart1
                0x00000000200001d0                huart2
 COMMON         0x0000000020000210        0x4 Drivers/STM32L1xx_HAL_Driver/Src/stm32l1xx_hal.o
                0x0000000020000210                uwTick
                0x0000000020000214                . = ALIGN (0x4)
                0x0000000020000214                _ebss = .
                0x0000000020000214                __bss_end__ = _ebss

._user_heap_stack
                0x0000000020000214      0x604 load address 0x000000000800380c
                0x0000000020000218                . = ALIGN (0x8)
 *fill*         0x0000000020000214        0x4 
                [!provide]                        PROVIDE (end = .)
                0x0000000020000218                PROVIDE (_end = .)
                0x0000000020000418                . = (. + _Min_Heap_Size)
 *fill*         0x0000000020000218      0x200 
                0x0000000020000818                . = (. + _Min_Stack_Size)
 *fill*         0x0000000020000418      0x400 
                0x0000000020000818                . = ALIGN (0x8)

/DISCARD/
 libc.a(*)
 libm.a(*)
 libgcc.a(*)

.ARM.attributes
                0x0000000000000000       0x29
 *(.ARM.attributes)
 .ARM.attributes
                0x0000000000000000       0x1d /opt/st/stm32cubeide_1.5.1/plugins/com.st.stm32cube.ide.mcu.externaltools.gnu-tools-for-stm32.7-2018-q2-update.linux64_1.5.0.202011040924/tools/bin/../lib/gcc/arm-none-eabi/7.3.1/thumb/v7-m/crti.o
 .ARM.attributes
                0x000000000000001d       0x2d /opt/st/stm32cubeide_1.5.1/plugins/com.st.stm32cube.ide.mcu.externaltools.gnu-tools-for-stm32.7-2018-q2-update.linux64_1.5.0.202011040924/tools/bin/../lib/gcc/arm-none-eabi/7.3.1/thumb/v7-m/crtbegin.o
 .ARM.attributes
                0x000000000000004a       0x33 Core/Src/gpio.o
 .ARM.attributes
                0x000000000000007d       0x33 Core/Src/i2c.o
 .ARM.attributes
                0x00000000000000b0       0x33 Core/Src/lib_lcd.o
 .ARM.attributes
                0x00000000000000e3       0x33 Core/Src/main.o
 .ARM.attributes
                0x0000000000000116       0x33 Core/Src/stm32l1xx_hal_msp.o
 .ARM.attributes
                0x0000000000000149       0x33 Core/Src/stm32l1xx_it.o
 .ARM.attributes
                0x000000000000017c       0x33 Core/Src/system_stm32l1xx.o
 .ARM.attributes
                0x00000000000001af       0x33 Core/Src/usart.o
 .ARM.attributes
                0x00000000000001e2       0x21 Core/Startup/startup_stm32l152retx.o
 .ARM.attributes
                0x0000000000000203       0x33 Drivers/STM32L1xx_HAL_Driver/Src/stm32l1xx_hal.o
 .ARM.attributes
                0x0000000000000236       0x33 Drivers/STM32L1xx_HAL_Driver/Src/stm32l1xx_hal_cortex.o
 .ARM.attributes
                0x0000000000000269       0x33 Drivers/STM32L1xx_HAL_Driver/Src/stm32l1xx_hal_dma.o
 .ARM.attributes
                0x000000000000029c       0x33 Drivers/STM32L1xx_HAL_Driver/Src/stm32l1xx_hal_gpio.o
 .ARM.attributes
                0x00000000000002cf       0x33 Drivers/STM32L1xx_HAL_Driver/Src/stm32l1xx_hal_i2c.o
 .ARM.attributes
                0x0000000000000302       0x33 Drivers/STM32L1xx_HAL_Driver/Src/stm32l1xx_hal_rcc.o
 .ARM.attributes
                0x0000000000000335       0x33 Drivers/STM32L1xx_HAL_Driver/Src/stm32l1xx_hal_uart.o
 .ARM.attributes
                0x0000000000000368       0x2d /opt/st/stm32cubeide_1.5.1/plugins/com.st.stm32cube.ide.mcu.externaltools.gnu-tools-for-stm32.7-2018-q2-update.linux64_1.5.0.202011040924/tools/bin/../lib/gcc/arm-none-eabi/7.3.1/../../../../arm-none-eabi/lib/thumb/v7-m/libc_nano.a(lib_a-init.o)
 .ARM.attributes
                0x0000000000000395       0x2d /opt/st/stm32cubeide_1.5.1/plugins/com.st.stm32cube.ide.mcu.externaltools.gnu-tools-for-stm32.7-2018-q2-update.linux64_1.5.0.202011040924/tools/bin/../lib/gcc/arm-none-eabi/7.3.1/../../../../arm-none-eabi/lib/thumb/v7-m/libc_nano.a(lib_a-memset.o)
 .ARM.attributes
                0x00000000000003c2       0x2d /opt/st/stm32cubeide_1.5.1/plugins/com.st.stm32cube.ide.mcu.externaltools.gnu-tools-for-stm32.7-2018-q2-update.linux64_1.5.0.202011040924/tools/bin/../lib/gcc/arm-none-eabi/7.3.1/../../../../arm-none-eabi/lib/thumb/v7-m/libc_nano.a(lib_a-strcpy.o)
 .ARM.attributes
                0x00000000000003ef       0x17 /opt/st/stm32cubeide_1.5.1/plugins/com.st.stm32cube.ide.mcu.externaltools.gnu-tools-for-stm32.7-2018-q2-update.linux64_1.5.0.202011040924/tools/bin/../lib/gcc/arm-none-eabi/7.3.1/../../../../arm-none-eabi/lib/thumb/v7-m/libc_nano.a(lib_a-strlen.o)
 .ARM.attributes
                0x0000000000000406       0x1d /opt/st/stm32cubeide_1.5.1/plugins/com.st.stm32cube.ide.mcu.externaltools.gnu-tools-for-stm32.7-2018-q2-update.linux64_1.5.0.202011040924/tools/bin/../lib/gcc/arm-none-eabi/7.3.1/thumb/v7-m/libgcc.a(_aeabi_uldivmod.o)
 .ARM.attributes
                0x0000000000000423       0x2d /opt/st/stm32cubeide_1.5.1/plugins/com.st.stm32cube.ide.mcu.externaltools.gnu-tools-for-stm32.7-2018-q2-update.linux64_1.5.0.202011040924/tools/bin/../lib/gcc/arm-none-eabi/7.3.1/thumb/v7-m/libgcc.a(_udivmoddi4.o)
 .ARM.attributes
                0x0000000000000450       0x1d /opt/st/stm32cubeide_1.5.1/plugins/com.st.stm32cube.ide.mcu.externaltools.gnu-tools-for-stm32.7-2018-q2-update.linux64_1.5.0.202011040924/tools/bin/../lib/gcc/arm-none-eabi/7.3.1/thumb/v7-m/libgcc.a(_dvmd_tls.o)
 .ARM.attributes
                0x000000000000046d       0x1d /opt/st/stm32cubeide_1.5.1/plugins/com.st.stm32cube.ide.mcu.externaltools.gnu-tools-for-stm32.7-2018-q2-update.linux64_1.5.0.202011040924/tools/bin/../lib/gcc/arm-none-eabi/7.3.1/thumb/v7-m/crtn.o
OUTPUT(WifiModule.elf elf32-littlearm)

.debug_info     0x0000000000000000     0xae0b
 .debug_info    0x0000000000000000      0x3e7 Core/Src/gpio.o
 .debug_info    0x00000000000003e7      0x8b4 Core/Src/i2c.o
 .debug_info    0x0000000000000c9b     0x1329 Core/Src/lib_lcd.o
 .debug_info    0x0000000000001fc4     0x14e1 Core/Src/main.o
 .debug_info    0x00000000000034a5      0x290 Core/Src/stm32l1xx_hal_msp.o
 .debug_info    0x0000000000003735      0x633 Core/Src/stm32l1xx_it.o
 .debug_info    0x0000000000003d68      0x473 Core/Src/system_stm32l1xx.o
 .debug_info    0x00000000000041db      0xa14 Core/Src/usart.o
 .debug_info    0x0000000000004bef       0x22 Core/Startup/startup_stm32l152retx.o
 .debug_info    0x0000000000004c11      0x72b Drivers/STM32L1xx_HAL_Driver/Src/stm32l1xx_hal.o
 .debug_info    0x000000000000533c      0xd84 Drivers/STM32L1xx_HAL_Driver/Src/stm32l1xx_hal_cortex.o
 .debug_info    0x00000000000060c0      0x798 Drivers/STM32L1xx_HAL_Driver/Src/stm32l1xx_hal_dma.o
 .debug_info    0x0000000000006858      0x6ac Drivers/STM32L1xx_HAL_Driver/Src/stm32l1xx_hal_gpio.o
 .debug_info    0x0000000000006f04     0x23d4 Drivers/STM32L1xx_HAL_Driver/Src/stm32l1xx_hal_i2c.o
 .debug_info    0x00000000000092d8      0x94f Drivers/STM32L1xx_HAL_Driver/Src/stm32l1xx_hal_rcc.o
 .debug_info    0x0000000000009c27     0x11e4 Drivers/STM32L1xx_HAL_Driver/Src/stm32l1xx_hal_uart.o

.debug_abbrev   0x0000000000000000     0x1c11
 .debug_abbrev  0x0000000000000000      0x134 Core/Src/gpio.o
 .debug_abbrev  0x0000000000000134      0x199 Core/Src/i2c.o
 .debug_abbrev  0x00000000000002cd      0x1f8 Core/Src/lib_lcd.o
 .debug_abbrev  0x00000000000004c5      0x2ae Core/Src/main.o
 .debug_abbrev  0x0000000000000773       0xef Core/Src/stm32l1xx_hal_msp.o
 .debug_abbrev  0x0000000000000862      0x149 Core/Src/stm32l1xx_it.o
 .debug_abbrev  0x00000000000009ab      0x111 Core/Src/system_stm32l1xx.o
 .debug_abbrev  0x0000000000000abc      0x1a2 Core/Src/usart.o
 .debug_abbrev  0x0000000000000c5e       0x12 Core/Startup/startup_stm32l152retx.o
 .debug_abbrev  0x0000000000000c70      0x21b Drivers/STM32L1xx_HAL_Driver/Src/stm32l1xx_hal.o
 .debug_abbrev  0x0000000000000e8b      0x2fa Drivers/STM32L1xx_HAL_Driver/Src/stm32l1xx_hal_cortex.o
 .debug_abbrev  0x0000000000001185      0x1f5 Drivers/STM32L1xx_HAL_Driver/Src/stm32l1xx_hal_dma.o
 .debug_abbrev  0x000000000000137a      0x1c9 Drivers/STM32L1xx_HAL_Driver/Src/stm32l1xx_hal_gpio.o
 .debug_abbrev  0x0000000000001543      0x254 Drivers/STM32L1xx_HAL_Driver/Src/stm32l1xx_hal_i2c.o
 .debug_abbrev  0x0000000000001797      0x238 Drivers/STM32L1xx_HAL_Driver/Src/stm32l1xx_hal_rcc.o
 .debug_abbrev  0x00000000000019cf      0x242 Drivers/STM32L1xx_HAL_Driver/Src/stm32l1xx_hal_uart.o

.debug_aranges  0x0000000000000000      0x9d8
 .debug_aranges
                0x0000000000000000       0x20 Core/Src/gpio.o
 .debug_aranges
                0x0000000000000020       0x30 Core/Src/i2c.o
 .debug_aranges
                0x0000000000000050       0x50 Core/Src/lib_lcd.o
 .debug_aranges
                0x00000000000000a0       0x58 Core/Src/main.o
 .debug_aranges
                0x00000000000000f8       0x20 Core/Src/stm32l1xx_hal_msp.o
 .debug_aranges
                0x0000000000000118       0x68 Core/Src/stm32l1xx_it.o
 .debug_aranges
                0x0000000000000180       0x28 Core/Src/system_stm32l1xx.o
 .debug_aranges
                0x00000000000001a8       0x38 Core/Src/usart.o
 .debug_aranges
                0x00000000000001e0       0x28 Core/Startup/startup_stm32l152retx.o
 .debug_aranges
                0x0000000000000208       0xe0 Drivers/STM32L1xx_HAL_Driver/Src/stm32l1xx_hal.o
 .debug_aranges
                0x00000000000002e8      0x118 Drivers/STM32L1xx_HAL_Driver/Src/stm32l1xx_hal_cortex.o
 .debug_aranges
                0x0000000000000400       0x80 Drivers/STM32L1xx_HAL_Driver/Src/stm32l1xx_hal_dma.o
 .debug_aranges
                0x0000000000000480       0x58 Drivers/STM32L1xx_HAL_Driver/Src/stm32l1xx_hal_gpio.o
 .debug_aranges
                0x00000000000004d8      0x2a0 Drivers/STM32L1xx_HAL_Driver/Src/stm32l1xx_hal_i2c.o
 .debug_aranges
                0x0000000000000778       0x90 Drivers/STM32L1xx_HAL_Driver/Src/stm32l1xx_hal_rcc.o
 .debug_aranges
                0x0000000000000808      0x1d0 Drivers/STM32L1xx_HAL_Driver/Src/stm32l1xx_hal_uart.o

.debug_ranges   0x0000000000000000      0x908
 .debug_ranges  0x0000000000000000       0x10 Core/Src/gpio.o
 .debug_ranges  0x0000000000000010       0x20 Core/Src/i2c.o
 .debug_ranges  0x0000000000000030       0x40 Core/Src/lib_lcd.o
 .debug_ranges  0x0000000000000070       0x48 Core/Src/main.o
 .debug_ranges  0x00000000000000b8       0x10 Core/Src/stm32l1xx_hal_msp.o
 .debug_ranges  0x00000000000000c8       0x58 Core/Src/stm32l1xx_it.o
 .debug_ranges  0x0000000000000120       0x18 Core/Src/system_stm32l1xx.o
 .debug_ranges  0x0000000000000138       0x28 Core/Src/usart.o
 .debug_ranges  0x0000000000000160       0x20 Core/Startup/startup_stm32l152retx.o
 .debug_ranges  0x0000000000000180       0xd0 Drivers/STM32L1xx_HAL_Driver/Src/stm32l1xx_hal.o
 .debug_ranges  0x0000000000000250      0x108 Drivers/STM32L1xx_HAL_Driver/Src/stm32l1xx_hal_cortex.o
 .debug_ranges  0x0000000000000358       0x70 Drivers/STM32L1xx_HAL_Driver/Src/stm32l1xx_hal_dma.o
 .debug_ranges  0x00000000000003c8       0x48 Drivers/STM32L1xx_HAL_Driver/Src/stm32l1xx_hal_gpio.o
 .debug_ranges  0x0000000000000410      0x2b8 Drivers/STM32L1xx_HAL_Driver/Src/stm32l1xx_hal_i2c.o
 .debug_ranges  0x00000000000006c8       0x80 Drivers/STM32L1xx_HAL_Driver/Src/stm32l1xx_hal_rcc.o
 .debug_ranges  0x0000000000000748      0x1c0 Drivers/STM32L1xx_HAL_Driver/Src/stm32l1xx_hal_uart.o

.debug_macro    0x0000000000000000     0x253e
 .debug_macro   0x0000000000000000      0x1be Core/Src/gpio.o
 .debug_macro   0x00000000000001be       0x58 Core/Src/gpio.o
 .debug_macro   0x0000000000000216      0x1be Core/Src/i2c.o
 .debug_macro   0x00000000000003d4      0x296 Core/Src/lib_lcd.o
 .debug_macro   0x000000000000066a       0xf4 Core/Src/lib_lcd.o
 .debug_macro   0x000000000000075e       0x5e Core/Src/lib_lcd.o
 .debug_macro   0x00000000000007bc       0x46 Core/Src/lib_lcd.o
 .debug_macro   0x0000000000000802       0x18 Core/Src/lib_lcd.o
 .debug_macro   0x000000000000081a       0x3c Core/Src/lib_lcd.o
 .debug_macro   0x0000000000000856       0x34 Core/Src/lib_lcd.o
 .debug_macro   0x000000000000088a       0x52 Core/Src/lib_lcd.o
 .debug_macro   0x00000000000008dc       0x1f Core/Src/lib_lcd.o
 .debug_macro   0x00000000000008fb       0x43 Core/Src/lib_lcd.o
 .debug_macro   0x000000000000093e       0x20 Core/Src/lib_lcd.o
 .debug_macro   0x000000000000095e      0x1a3 Core/Src/lib_lcd.o
 .debug_macro   0x0000000000000b01      0x32a Core/Src/lib_lcd.o
 .debug_macro   0x0000000000000e2b       0x10 Core/Src/lib_lcd.o
 .debug_macro   0x0000000000000e3b       0x35 Core/Src/lib_lcd.o
 .debug_macro   0x0000000000000e70       0x20 Core/Src/lib_lcd.o
 .debug_macro   0x0000000000000e90      0x2a0 Core/Src/main.o
 .debug_macro   0x0000000000001130       0xfa Core/Src/main.o
 .debug_macro   0x000000000000122a      0x1b4 Core/Src/stm32l1xx_hal_msp.o
 .debug_macro   0x00000000000013de      0x1be Core/Src/stm32l1xx_it.o
 .debug_macro   0x000000000000159c      0x1ab Core/Src/system_stm32l1xx.o
 .debug_macro   0x0000000000001747      0x1be Core/Src/usart.o
 .debug_macro   0x0000000000001905      0x1c9 Drivers/STM32L1xx_HAL_Driver/Src/stm32l1xx_hal.o
 .debug_macro   0x0000000000001ace      0x1a5 Drivers/STM32L1xx_HAL_Driver/Src/stm32l1xx_hal_cortex.o
 .debug_macro   0x0000000000001c73      0x1a5 Drivers/STM32L1xx_HAL_Driver/Src/stm32l1xx_hal_dma.o
 .debug_macro   0x0000000000001e18      0x1dd Drivers/STM32L1xx_HAL_Driver/Src/stm32l1xx_hal_gpio.o
 .debug_macro   0x0000000000001ff5      0x1ec Drivers/STM32L1xx_HAL_Driver/Src/stm32l1xx_hal_i2c.o
 .debug_macro   0x00000000000021e1      0x1b7 Drivers/STM32L1xx_HAL_Driver/Src/stm32l1xx_hal_rcc.o
 .debug_macro   0x0000000000002398      0x1a6 Drivers/STM32L1xx_HAL_Driver/Src/stm32l1xx_hal_uart.o

.debug_line     0x0000000000000000     0x901b
 .debug_line    0x0000000000000000      0x676 Core/Src/gpio.o
 .debug_line    0x0000000000000676      0x69b Core/Src/i2c.o
 .debug_line    0x0000000000000d11      0x87a Core/Src/lib_lcd.o
 .debug_line    0x000000000000158b      0x8dd Core/Src/main.o
 .debug_line    0x0000000000001e68      0x66b Core/Src/stm32l1xx_hal_msp.o
 .debug_line    0x00000000000024d3      0x723 Core/Src/stm32l1xx_it.o
 .debug_line    0x0000000000002bf6      0x688 Core/Src/system_stm32l1xx.o
 .debug_line    0x000000000000327e      0x6d1 Core/Src/usart.o
 .debug_line    0x000000000000394f       0x84 Core/Startup/startup_stm32l152retx.o
 .debug_line    0x00000000000039d3      0x847 Drivers/STM32L1xx_HAL_Driver/Src/stm32l1xx_hal.o
 .debug_line    0x000000000000421a      0x990 Drivers/STM32L1xx_HAL_Driver/Src/stm32l1xx_hal_cortex.o
 .debug_line    0x0000000000004baa      0x878 Drivers/STM32L1xx_HAL_Driver/Src/stm32l1xx_hal_dma.o
 .debug_line    0x0000000000005422      0x821 Drivers/STM32L1xx_HAL_Driver/Src/stm32l1xx_hal_gpio.o
 .debug_line    0x0000000000005c43     0x1b0f Drivers/STM32L1xx_HAL_Driver/Src/stm32l1xx_hal_i2c.o
 .debug_line    0x0000000000007752      0x972 Drivers/STM32L1xx_HAL_Driver/Src/stm32l1xx_hal_rcc.o
 .debug_line    0x00000000000080c4      0xf57 Drivers/STM32L1xx_HAL_Driver/Src/stm32l1xx_hal_uart.o

.debug_str      0x0000000000000000    0x8580a
 .debug_str     0x0000000000000000    0x7f9a7 Core/Src/gpio.o
                                      0x7fc3c (size before relaxing)
 .debug_str     0x000000000007f9a7      0x453 Core/Src/i2c.o
                                      0x800c7 (size before relaxing)
 .debug_str     0x000000000007fdfa     0x3490 Core/Src/lib_lcd.o
                                      0x834d9 (size before relaxing)
 .debug_str     0x000000000008328a      0x25d Core/Src/main.o
                                      0x83675 (size before relaxing)
 .debug_str     0x00000000000834e7       0x2c Core/Src/stm32l1xx_hal_msp.o
                                      0x7fb9f (size before relaxing)
 .debug_str     0x0000000000083513       0xcf Core/Src/stm32l1xx_it.o
                                      0x7ff78 (size before relaxing)
 .debug_str     0x00000000000835e2       0xd5 Core/Src/system_stm32l1xx.o
                                      0x7fb11 (size before relaxing)
 .debug_str     0x00000000000836b7      0x3c8 Core/Src/usart.o
                                      0x8037f (size before relaxing)
 .debug_str     0x0000000000083a7f       0x36 Core/Startup/startup_stm32l152retx.o
                                         0x60 (size before relaxing)
 .debug_str     0x0000000000083ab5      0x2e3 Drivers/STM32L1xx_HAL_Driver/Src/stm32l1xx_hal.o
                                      0x80190 (size before relaxing)
 .debug_str     0x0000000000083d98      0x3c1 Drivers/STM32L1xx_HAL_Driver/Src/stm32l1xx_hal_cortex.o
                                      0x802c2 (size before relaxing)
 .debug_str     0x0000000000084159      0x257 Drivers/STM32L1xx_HAL_Driver/Src/stm32l1xx_hal_dma.o
                                      0x7fe60 (size before relaxing)
 .debug_str     0x00000000000843b0      0x206 Drivers/STM32L1xx_HAL_Driver/Src/stm32l1xx_hal_gpio.o
                                      0x7fd35 (size before relaxing)
 .debug_str     0x00000000000845b6      0xac3 Drivers/STM32L1xx_HAL_Driver/Src/stm32l1xx_hal_i2c.o
                                      0x80a8f (size before relaxing)
 .debug_str     0x0000000000085079      0x29c Drivers/STM32L1xx_HAL_Driver/Src/stm32l1xx_hal_rcc.o
                                      0x7ff27 (size before relaxing)
 .debug_str     0x0000000000085315      0x4f5 Drivers/STM32L1xx_HAL_Driver/Src/stm32l1xx_hal_uart.o
                                      0x8035a (size before relaxing)

.comment        0x0000000000000000       0x7b
 .comment       0x0000000000000000       0x7b Core/Src/gpio.o
                                         0x7c (size before relaxing)
 .comment       0x000000000000007b       0x7c Core/Src/i2c.o
 .comment       0x000000000000007b       0x7c Core/Src/lib_lcd.o
 .comment       0x000000000000007b       0x7c Core/Src/main.o
 .comment       0x000000000000007b       0x7c Core/Src/stm32l1xx_hal_msp.o
 .comment       0x000000000000007b       0x7c Core/Src/stm32l1xx_it.o
 .comment       0x000000000000007b       0x7c Core/Src/system_stm32l1xx.o
 .comment       0x000000000000007b       0x7c Core/Src/usart.o
 .comment       0x000000000000007b       0x7c Drivers/STM32L1xx_HAL_Driver/Src/stm32l1xx_hal.o
 .comment       0x000000000000007b       0x7c Drivers/STM32L1xx_HAL_Driver/Src/stm32l1xx_hal_cortex.o
 .comment       0x000000000000007b       0x7c Drivers/STM32L1xx_HAL_Driver/Src/stm32l1xx_hal_dma.o
 .comment       0x000000000000007b       0x7c Drivers/STM32L1xx_HAL_Driver/Src/stm32l1xx_hal_gpio.o
 .comment       0x000000000000007b       0x7c Drivers/STM32L1xx_HAL_Driver/Src/stm32l1xx_hal_i2c.o
 .comment       0x000000000000007b       0x7c Drivers/STM32L1xx_HAL_Driver/Src/stm32l1xx_hal_rcc.o
 .comment       0x000000000000007b       0x7c Drivers/STM32L1xx_HAL_Driver/Src/stm32l1xx_hal_uart.o

.debug_frame    0x0000000000000000     0x27a0
 .debug_frame   0x0000000000000000       0x34 Core/Src/gpio.o
 .debug_frame   0x0000000000000034       0x74 Core/Src/i2c.o
 .debug_frame   0x00000000000000a8      0x108 Core/Src/lib_lcd.o
 .debug_frame   0x00000000000001b0      0x11c Core/Src/main.o
 .debug_frame   0x00000000000002cc       0x34 Core/Src/stm32l1xx_hal_msp.o
 .debug_frame   0x0000000000000300      0x120 Core/Src/stm32l1xx_it.o
 .debug_frame   0x0000000000000420       0x58 Core/Src/system_stm32l1xx.o
 .debug_frame   0x0000000000000478       0x90 Core/Src/usart.o
 .debug_frame   0x0000000000000508      0x33c Drivers/STM32L1xx_HAL_Driver/Src/stm32l1xx_hal.o
 .debug_frame   0x0000000000000844      0x498 Drivers/STM32L1xx_HAL_Driver/Src/stm32l1xx_hal_cortex.o
 .debug_frame   0x0000000000000cdc      0x204 Drivers/STM32L1xx_HAL_Driver/Src/stm32l1xx_hal_dma.o
 .debug_frame   0x0000000000000ee0      0x14c Drivers/STM32L1xx_HAL_Driver/Src/stm32l1xx_hal_gpio.o
 .debug_frame   0x000000000000102c      0xc54 Drivers/STM32L1xx_HAL_Driver/Src/stm32l1xx_hal_i2c.o
 .debug_frame   0x0000000000001c80      0x220 Drivers/STM32L1xx_HAL_Driver/Src/stm32l1xx_hal_rcc.o
 .debug_frame   0x0000000000001ea0      0x834 Drivers/STM32L1xx_HAL_Driver/Src/stm32l1xx_hal_uart.o
 .debug_frame   0x00000000000026d4       0x2c /opt/st/stm32cubeide_1.5.1/plugins/com.st.stm32cube.ide.mcu.externaltools.gnu-tools-for-stm32.7-2018-q2-update.linux64_1.5.0.202011040924/tools/bin/../lib/gcc/arm-none-eabi/7.3.1/../../../../arm-none-eabi/lib/thumb/v7-m/libc_nano.a(lib_a-init.o)
 .debug_frame   0x0000000000002700       0x20 /opt/st/stm32cubeide_1.5.1/plugins/com.st.stm32cube.ide.mcu.externaltools.gnu-tools-for-stm32.7-2018-q2-update.linux64_1.5.0.202011040924/tools/bin/../lib/gcc/arm-none-eabi/7.3.1/../../../../arm-none-eabi/lib/thumb/v7-m/libc_nano.a(lib_a-memset.o)
 .debug_frame   0x0000000000002720       0x20 /opt/st/stm32cubeide_1.5.1/plugins/com.st.stm32cube.ide.mcu.externaltools.gnu-tools-for-stm32.7-2018-q2-update.linux64_1.5.0.202011040924/tools/bin/../lib/gcc/arm-none-eabi/7.3.1/../../../../arm-none-eabi/lib/thumb/v7-m/libc_nano.a(lib_a-strcpy.o)
 .debug_frame   0x0000000000002740       0x2c /opt/st/stm32cubeide_1.5.1/plugins/com.st.stm32cube.ide.mcu.externaltools.gnu-tools-for-stm32.7-2018-q2-update.linux64_1.5.0.202011040924/tools/bin/../lib/gcc/arm-none-eabi/7.3.1/thumb/v7-m/libgcc.a(_aeabi_uldivmod.o)
 .debug_frame   0x000000000000276c       0x34 /opt/st/stm32cubeide_1.5.1/plugins/com.st.stm32cube.ide.mcu.externaltools.gnu-tools-for-stm32.7-2018-q2-update.linux64_1.5.0.202011040924/tools/bin/../lib/gcc/arm-none-eabi/7.3.1/thumb/v7-m/libgcc.a(_udivmoddi4.o)
